[h2][h2/]
فصل هفتم: رشته ها
[/h2]

[h3][h3/]
رشته یک ترتیب است
[/h3]

[p][p/]
رشته ترتیبی از کارکترها می باشد. شما می توانید با استفاده از علامت کروشه به کارکترهای 
درون رشته دسترسی پیدا کنید:
[/p]

[code]
>>> fruit = 'banana'
>>> letter = fruit[1]
[/code]

[p][p/]
خط دوم مثال فوق کارکتر اول fruit را انتخاب کرده و آن را درون letter می ریزد.
[/p]

[p][p/]
عبارت درون کروشه را اندیس می نامند. اندیس به کاراکترهای درون یک ترتیب اشاره می کند.
[/p]

[p][p/]
ولی ممکن است چیزی را انتظار خواهید داشت را دریافت نکنید:
[/p]

[code]
>>> print letter
a
[/code]

[p][p/]
برای اکثر افراد، اولین حرف از کلمه 'banana' حرف b می باشد، نه حرف a.
ولی در علوم کامپیوتر اندیس اولین قسمت از رشته می باشد، و اولین قسمت صفر می باشد.
[/p]

[code]
>>> letter = fruit[0]
>>> print letter
b
[/code]

[p][p/]
بنابراین شاید بتوان به حالت طنز گفت که b صفرومین حرف 'banana' می باشد، 
a اولین و n نیز دومین حرف آن می باشد.
[/p]

[p][p/]
شما می توانید برای اندیس از هر عبارتی، شال متغیرها و عملگرهای استفاده کنید، 
ولی باید بخاطر داشت مقدار اندیس باید یک integer باشد، در غیر این صورت شما خطای زیر را دریافت خواهید کرد:
[/p]

[code]
>>> letter = fruit[1.5]
TypeError: string indices must be integers
[/code]

[h3][h3/]
len
[/h3]

[p][p/]
len یک تابع داخلی پایتون می باشد که تعداد کاراکترهای موجود در یک رشته را بر می گرداند.
[/p]

[code]
>>> fruit = 'banana'
>>> len(fruit)
6
[/code]

[p][p/]
برای بدست آوردن آخرین حرف یک رشته، شما ممکن است همچین کاری را انجام دهید:
[/p]

[code]
>>> length = len(fruit)
>>> last = fruit[length]
IndexError: string index out of range
[/code]

[p][p/]
دلیل خطای فوق این است که هیچ در 'banana' با اندیس 6 وجود ندارد. به این دلیل که ما 
شمارش را از صفر شروع کردیم 6 حرف مورد نظر از 0 تا 5 شماره گذاری شده اند.
برای بدست آوردن آخرین کاراکتر، شما باید یک واحد از lenght کم کنید.
[/p]

[code]
>>> last = fruit[length-1]
>>> print last
a
[/code]

[p][p/]
همچنین شما می توانید از اندیس های منفی استفاده کنید، که به صورت بر عکس، یعنی 
از ابتدا به انتها رشته را شمارش می کند. عبارت fruit[-1] نشان دهنده اندیس آخر، 
fruit[-2] نشان دهنده اندیس یکی مانده به آخر می باشد و الی آخر ...
[/p]

[p][p/]

[/p]

[p][p/]

[/p]

[p][p/]

[/p]

[p][p/]

[/p]

[p][p/]

[/p]

[p][p/]

[/p]

[p][p/]

[/p]

[p][p/]

[/p]

[p][p/]

[/p]

[p][p/]

[/p]

[p][p/]

[/p]

[p][p/]

[/p]

[p][p/]

[/p]

[p][p/]

[/p]

[p][p/]

[/p]

[p][p/]

[/p]

[p][p/]

[/p]

[p][p/]

[/p]

[p][p/]

[/p]

[p][p/]

[/p]

[p][p/]

[/p]

[p][p/]

[/p]

[p][p/]

[/p]

[p][p/]

[/p]

[p][p/]

[/p]

[p][p/]

[/p]

[p][p/]

[/p]

[p][p/]

[/p]

[p][p/]

[/p]

[p][p/]

[/p]

[p][p/]

[/p]

[p][p/]

[/p]

[p][p/]

[/p]

[p][p/]

[/p]

[p][p/]

[/p]

[p][p/]

[/p]

[p][p/]

[/p]

[p][p/]

[/p]

[p][p/]

[/p]

[p][p/]

[/p]

[p][p/]

[/p]

[p][p/]

[/p]

[p][p/]

[/p]

[p][p/]

[/p]

[p][p/]

[/p]

[p][p/]

[/p]

[p][p/]

[/p]

[p][p/]

[/p]

[p][p/]

[/p]

[p][p/]

[/p]

[p][p/]

[/p]

[p][p/]

[/p]

[p][p/]

[/p]

[p][p/]

[/p]

[p][p/]

[/p]