[h2][h2/]
فصل اول: متغیرها، عبارات و جمله ها
[/h2]

[h3][h3/]
مقادیر و نوع ها
[/h3]

[p][p/]
مقدار (value) یکی از چیز های پایه می باشد که یک برنامه با آن سر و کار دارد، مانند 
یک حرف یا یک عدد. 
[/p]

[p][p/]
این مقادیر متعلق به نوع های مختلفی می باشد: عدد 2 یک integer می باشد، و 'Hello, World!' یک رشته، زیرا رشته ای از حروف می باشد.
شما (و مفسر) می توانید رشته ها را تشخیص دهید چرا رشته ها درون علامت کتیشن قرار می گیرند.
[/p]

[p][p/]
در صورتی که نوع یک مقدار را نمی دانید مفسر می تواند به شما نوع آن مقدار را نشان دهد.
[/p]

[code]
>>> type('Hello, World!')
<type 'str'>
>>> type(17)
<type 'int'>
[/code]

[p][p/]
موضوع عجیبی نیست، رشته ها متعلق به نوع str و اعداد متعلق به نوع int می باشند.
بدیهی است که اعداد اعشاری متعلق به نوع float می باشند. چرا که این اعداد در قالب اعشاری نمایش داده می شوند.
[/p]

[code]
>>> type(3.2)
<type 'float'>
[/code]

[p][p/]
گاهی اوقات مقادیر به شکل '17' و یا '3.2' نمایش داده می شوند، تکلیف این مقادیر چه می شود؟
این مقادیر شبیه به اعداد هستند، ولی درون علامت کتیشن قرار گرفته اند مانند رشته ها.
[/p]

[code]
>>> type('17')
<type 'str'>
>>> type('3.2')
<type 'str'>
[/code]

[p][p/]
نوع این نوع مقادیر نیز رشته می باشد.
[/p]

[p][p/]
زمانی که می خواهید یک عدد طولانی را تایپ کنید، ممکن است بخواهید بین آن رقم سه رقم از 
کاما استفاده کنید، مانند 1,000,000. این یک نوع integer قانونی در پایتون به شمار نمی آید، 
ولی موردی نخواهد داشت:
[/p]

[code]
>>> 1,000,000
(1, 0, 0)
[/code]

[p][p/]
خوب، خروجی فوق به هیچ وجه چیزی نیست که ما انتظار داشتیم! پایتون 1,000,000 را ترتیبی از integer های جدا شده توسط کاما تفسیر می کند. 
این اولین مثال خطای معنایی است که مشاهده کردیم: کد بدون تولید هیج پیام خطایی اجرا می شود، 
ولی کاری درست را انجام نی دهد.
[/p]

[h3][h3/]
متغیرها
[/h3]

[p][p/]
یکی از قدرتمند ترین خصوصیات یک زبان برنامه نویسی توانایی مدیریت متغیرها می باشد. 
متغیر نامی است که به یک مقدار نسبت داده می شود.
[/p]

[p][p/]
یک عبارت مقدار دهی، متغیرهای جدید را ایجاد و به آن ها مقادیر می دهد.
[/p]

[code]
>>> message = 'And now for something completely different'
>>> n = 17
>>> pi = 3.1415926535897932
[/code]

[p][p/]
مثال فوق سه مورد مقدار دهی را نشان می دهد. اولی متغیری با نام message را مقدار دهی می کند. 
دومی عدد 17 را درون n می ریزد و سومی مقدار تقریبی عدد π را درون pi می ریزد.
[/p]

[p][p/]
رایج ترین روش برای نمایش متغیرها بر روی کاغذ، نوشتن نام نام متغیر به همراه یک پیکان که به مقدار متغیر اشاره می کند می باشد. 
این حالت نمایش را state diagram می نامند، به این دلیل که در این حالت وضعیتی که هر متغیر در آن است را نشان می دهد. 
شکل 1.1 نتیجه مثال قبل را نشان می دهد.
[/p]

[image]شکل 1-1[image/]
[img]src='/statics/images/1-1.png' width='100%'[img/]
[/image]

[p][p/]
در واقع نوع یک متغیر، نوع مقداری است که به آن متغیر نسبت داده شده است.
[/p]

[code]
>>> type(message)
<type 'str'>
>>> type(n)
<type 'int'>
>>> type(pi)
<type 'float'>
[/code]

[h4][h4/]
تمرین 1
[/h4]

[p][p/]
در صورتی که یک مقدار integer را با یک صفر در اول آن تایپ کنید، ممکن است با یک خطای گیچ کننده مواجه شوید:
[/p]

[code]
>>> zipcode = 02492
                  ^
SyntaxError: invalid token
[/code]

[p][p/]
اعداد دیگری با این حالت به نظر می رسد بدون خطا کار می کنند، ولی خروجی عجیب و غریب است:
[/p]

[code]
>>> zipcode = 02132
>>> zipcode
1114
[/code]

[p][p/]
آیا می توانید بیابید که موضوع از چه قرار است؟ اشاره: مقادیر 01، 010، 0100 و 01000 را در خروجی امتحان کنید.
[/p]


[h3][h3/]
نام متغیرها و کلمات کلیدی
[/h3]

[p][p/]
برنامه نویسان معمولا اسامی معناداری برای متغیرهای خود انتخاب می کنند، 
آن ها دلیل استفاده هر متغیر را توضیح می دهند.
[/p]

[p][p/]
نام متغیر می تواند به طور دلخواه نامی بلند باشد. نام متغیر می تواند ترکیبی از حروف 
و عدد باشد، ولی نام متغیر می بایست با حرف شروع شود. 
It is legal to use uppercase letters, but it is a good idea to begin variable names with a lowercase letter (you’ll see why later).
[/p]

[p][p/]
می توان از کاراکتر خط تیره (ـ) درون نام متغیر استفاده کرد. این کاراکتر معمولا 
برای نام هاییی که در آن ها چندین لغت به کار رفته استفاده می شود مانند 
my_name یا airspeed_of_unladen_swallow
[/p]

[p][p/]
در صورتی از یک نام غیر قانونی درون کد استفاده کنید، با خطای syntax مواجه خواهید شد.
[/p]

[code]
>>> 76trombones = 'big parade'
SyntaxError: invalid syntax
>>> more@ = 1000000
SyntaxError: invalid syntax
>>> class = 'Advanced Theoretical Zymurgy'
SyntaxError: invalid syntax
[/code]

[p][p/]
متغیر 76trombones به دلیل اینکه با حرف شروع نشده است نامی غیر قانونی است.
متغیر more@ به دلیل اینکه دارای یک کاراکتر غیر قانونی است استفاده از جایز نیس. 
ولی مشکل متغیر class چیست؟
[/p]

[p][p/]
نام class یکی از کلمات کلیدی پایتون می باشد. 
مفسر از کلمات کلیدی برای تشخیص ساختار برنامه استفاده می کند، 
و کلامت کلیدی نمی توانند برای نام متغیر استفاده شوند.
[/p]

[p][p/]
پایتون نسخه 2 دارای 31 کلمه کلیدی می باشد:
[/p]

[code]
and       del       from      not       while    
as        elif      global    or        with     
assert    else      if        pass      yield    
break     except    import    print              
class     exec      in        raise              
continue  finally   is        return             
def       for       lambda    try
[/code]

[p][p/]
در پایتون نسخه 3، exec دیگر یک کلمه کلیدی نبوده، ولی nonlocal یک کلمه کلیدی می باشد.
[/p]

[p][p/]
ممکن است نگه داشتن این لیست را برای خود سودمند بدانید. در صورتی که مفسر در مورد نام 
یکی از متغیرهای شما شروع به ایراد گرفتن کرد و شما دلیل آن را نتوانستید تشخیص دهید، 
می توانید نگاهی به لیست بیاندازید.
[/p]

[h3][h3/]
عملگرها و عملوندها
[/h3]

[p][p/]
عملگرها (Operators) نمادهای خاصی می باشند که محاسبات را نمایش می دهند، مانند عملات جمع و ضرب.
مقادیری که عملگر بر آن ها اعمال می شود را عملوند (Operands) می نامند.
[/p]

[p][p/]
همانطور که در مثال زیر مشاهده می کنید، عملگرهای +، -، *، / و ** به ترتیب عملیات 
جمع، تفریق، ضرب، تقسیم و به توان رساندن را انجام می دهند.
[/p]

[code]
20+32   hour-1   hour*60+minute   minute/60   5**2   (5+9)*(15-7)
[/code]

[p][p/]
در بعضی زبان های برنامه نویسی، علامت ^ برای عملات توان استفاده شده است، 
ولی در پایتون این علامت برای عمگر بیتی که XOR نامیده می شود استفاده شده است.
در مورد عمگرهای بیتی بعدا صحبت خواهیم کرد، ولی در صورت تمایل می توانید به 
http://wiki.python.org/moin/BitwiseOperators مراجعه کنید.
[/p]

[p][p/]
در پایتون نسخه 2 عملگر تقسیم ممکن است کاری را که شما دقیقا انتظار انجام آن را دارید، 
انجام ندهد.
[/p]

[code]
>>> minute = 59
>>> minute/60
0
[/code]

[p][p/]
مقدار متغیر minute عدد 59 می باشد، و بر طبق قوانین حساب، 
59 تقسیم بر 60 می شود 0.9833، نه 0.
دلیل این تفاوت به این خاطر است که پایتون برای تقسیم از floor division استفاده می کند بدین معنی که نتیجه تقسیم را به سمت عدد کمتر گرد می کند.
در صورتی که مقادیر تقسیم شده بر یکدیگر هر دو integer باشند، نتیجه تقسیم نیز integer خواهد بود.
[/p]

[p][p/]
در پایتون نسخه 3، نتیجه تقسیم فوق یک مقدار اعشاری است. و عملگر جدید // کار floor division را انجام می دهد.
[/p]

[code]
>>> minute/60.0
0.98333333333333328
[/code]


[h3][h3/]
عبارات و جمله ها
[/h3]

[p][p/]
عبارت (expression) ترکیبی از مقادیر، متغیرها و عملگرهاست.
یک مقدار به تنهایی می تواند یک عبارت باشد، متغیر نیز به همین ترتیب، بنابراین 
بنابراین 3 خط زیر همگی عبارات قانونی پایتون به حساب می آیند (با فرض اینکه مقداری به متغیر X تخصیص داده شده است):
[/p]

[code]
17
x
x + 17
[/code]

[p][p/]
یک جمله (statement) بخشی از کد می باشد که مفسر می تواند آن را اجرا کند. 
تا اینجا ما با دو جمله آشنا شدیم: print و تخصیص مقادیر (assignment).
[/p]

[p][p/]
از نظر تکنیکی یک عبارت همچنین یک جمله نیز هست، ولی شاید ساده تر باشد که فکر کنیم این دو از یکدیگر متفاوت هستند.
[/p]

[h3][h3/]
حالت interactive و script
[/h3]

[p][p/]
یک از مزایای کار با زبان های اسکریپتی این است که می توان تکه کدها را قبل از اینکه درون script خود قرار دهید 
درون interactive امتحان کنید. ولی تفاوت هایی بین حالت interactive و حالت script وجود دارند 
که می توانند کمی گیج کننده باشند.
[/p]

[p][p/]
برای مثال، در صورتی که در حال استفاده از پایتون به عنوان یک ماشین حساب می باشید، ممکن است تایپ کنید
[/p]

[code]
>>> miles = 26.2
>>> miles * 1.61
42.182
[/code]

[p][p/]
خط اول یک مقدار را درون متغیر miles قرار می دهد، ولی این عبارت هیچ خروجی ندارد. 
در خط دوم عبارت توسط مفسر پایتون محاسبه شده و نتیجه آن نمایش داده می شود. 
[/p]

[p][p/]
ولی در صورتیکه شما کد فوق را درون script نوشته و اجرا کنید، به هیچ وجه، هیچ خروجی مشاهده نخواهید کرد. 
در حالت script یک عبارت به تنهایی، هیچ خروجی نخواهد داشت. در واقع پایتون عبارت را محاسبه می کند، 
ولی هیچ مقداری را نمایش نخواهد داد مگر اینکه به آن گفته شود:
[/p]

[code]
miles = 26.2
print miles * 1.61
[/code]

[p][p/]
این رفتار می تواند در ابتدا کمی گیج کننده باشد.
[/p]

[p][p/]
script معمولا حاوی ترتیبی از جمله ها می باشد. در صورتیکه بیشتر از یک جمله وجود داشته باشد، 
نتیجه ها در یک زمان بعد از اجرا ظاهر خواهند شد.
[/p]

[p][p/]
برای مثال:
[/p]

[code]
print 1
x = 2
print x
[/code]

[p][p/]
خروجی زیر را تولید می کند:
[/p]

[code]
1
2
[/code]

[p][p/]
جمله انتساب مقدار هیچ خروجی تولید نمی کند.
[/p]

[h4][h4/]
تمرین 2
[/h4]

[p][p/]
جملات زیر را درون interactive پایتون تایپ کنید و خروجی را مشاهده کنید:
[/p]

[code]
5
x = 5
x + 1
[/code]

[p][p/]
حالا کد فوق را درون یک script قرار داده و آن را اجرا کنید. خروجی آن چیست؟ 
script را ویرایش کرده و هر عبارت را درون یک جمله print قرار دهید و سپس آن را دوباره اجرا کنید.
[/p]

[h3][h3/]
ترتیب عملگرها
[/h3]

[p][p/]
هنگامی که درون یک عبارت بیشتر از یک عملگر وجود داشته باشد، ترتیب محاسبات به قوانین 
اولویت بندی عملگرها بستگی دارد. برای عملگرهای ریاضی، پایتون از قراردادهای ریاضی پیروی می کند.
کلمه مخفف PEMDAS یک راه مفید برای به خاطر سپردن اولیت های عملگرها می باشد.
[/p]

[ul][ul/]
[li][li/]
پرانتزها (Parantheses) دارای بالاترین اولیت هستند و می توان برای مجبور کردن عبارت 
به همان اولویتی می خواهید از آن ها استفاده کنید. از آنجاییکه پرانتز ها اول از همه ارزیابی می شوند، 
2 * (3-1) می شود 4 و (1+1) ** (5-2) می شود 8.
همچنین می توان از پرانتز برای بالا بردن خوانایی کد نیز استفاده کرد، 
برای مثال (minute * 100) / 60، حتی اگر هیچ تاثیری در نتیجه ندارد.
[/li]

[li][li/]
توان (Exponentiation) دارای اولیت دوم می باشد، بنابراین 2 ** 1 + 1  می شود 3، نه 4 و 
3 * 1 ** 3 می شود 3 نه 27.
[/li]

[li][li/]
ضرب و تقسیم دارای اولیت یکسانی می باشند، و جمع و تفریق نیز با هم دارای 
اولیت یکسانی می باشند، ولی اولیت ضرب و تقسیم از جمع و تفریق بالاتر است.
[/li]

[li][li/]
عملگرهای با اولویت یکسان از چپ به راست ارزیابی می شوند (به استثنای توان).
بنابراین در عبارت در عبارت degrees / 2 * pi، ابتدا عملیات تقسیم انجام می شود و نتیجه در pi ضرب می شود. 
To divide by 2 π, you can use parentheses or write degrees / 2 / pi.
[/li]
[/ul]

[p][p/]
من تلاش بسیاری برای به خاطر سپردن اولویت عملگرها انجام نمی دهم، ترجیحم بر این است که برای 
خوانایی بیشتر از پرانتز استفاده کنم.
[/p]

[p][p/]

[/p]

[p][p/]

[/p]

[p][p/]

[/p]

[p][p/]

[/p]

[p][p/]

[/p]

[p][p/]

[/p]

[p][p/]

[/p]

[p][p/]

[/p]

[p][p/]

[/p]

[p][p/]

[/p]

[p][p/]

[/p]

[p][p/]

[/p]

[p][p/]

[/p]

